2026-09-30 22:31:38,437 INFO o.a.j.u.JMeterUtils: Setting Locale to en_EN
2026-09-30 22:31:38,468 INFO o.a.j.JMeter: Loading user properties from: C:\Program Files\apache-jmeter-5.6.3\bin\user.properties
2026-09-30 22:31:38,468 INFO o.a.j.JMeter: Loading system properties from: C:\Program Files\apache-jmeter-5.6.3\bin\system.properties
2026-09-30 22:31:38,484 INFO o.a.j.JMeter: Copyright (c) 1998-2024 The Apache Software Foundation
2026-09-30 22:31:38,484 INFO o.a.j.JMeter: Version 5.6.3
2026-09-30 22:31:38,484 INFO o.a.j.JMeter: java.version=17.0.20.1
2026-09-30 22:31:38,484 INFO o.a.j.JMeter: java.vm.name=OpenJDK 64-Bit Server VM
2026-09-30 22:31:38,484 INFO o.a.j.JMeter: os.name=Windows 11
2026-09-30 22:31:38,484 INFO o.a.j.JMeter: os.arch=amd64
2026-09-30 22:31:38,484 INFO o.a.j.JMeter: os.version=10.0
2026-09-30 22:31:38,484 INFO o.a.j.JMeter: file.encoding=Cp1252
2026-09-30 22:31:38,484 INFO o.a.j.JMeter: java.awt.headless=true
2026-09-30 22:31:38,484 INFO o.a.j.JMeter: Max memory     =1073741824
2026-09-30 22:31:38,484 INFO o.a.j.JMeter: Available Processors =8
2026-09-30 22:31:38,500 INFO o.a.j.JMeter: Default Locale=English (EN)
2026-09-30 22:31:38,500 INFO o.a.j.JMeter: JMeter  Locale=English (EN)
2026-09-30 22:31:38,500 INFO o.a.j.JMeter: JMeterHome=C:\Program Files\apache-jmeter-5.6.3
2026-09-30 22:31:38,500 INFO o.a.j.JMeter: user.dir  =C:\Users\dev\Desktop\MSU-iia\11_Automatisation des Tests et Qualité Logiciel\projet_fin_module\ProjectAutomatisationTests
2026-09-30 22:31:38,500 INFO o.a.j.JMeter: PWD       =C:\Users\dev\Desktop\MSU-iia\11_Automatisation des Tests et Qualité Logiciel\projet_fin_module\ProjectAutomatisationTests
2026-09-30 22:31:38,548 INFO o.a.j.JMeter: IP: 192.168.11.103 Name: T14-AB-49OO FullName: 192.168.11.103
2026-09-30 22:31:38,564 INFO o.a.j.s.FileServer: Default base='C:\Users\dev\Desktop\MSU-iia\11_Automatisation des Tests et Qualité Logiciel\projet_fin_module\ProjectAutomatisationTests'
2026-09-30 22:31:38,564 INFO o.a.j.s.FileServer: Set new base='C:\Users\dev\Desktop\MSU-iia\11_Automatisation des Tests et Qualité Logiciel\projet_fin_module\ProjectAutomatisationTests\jmeter'
2026-09-30 22:31:38,859 INFO o.a.j.s.SaveService: Testplan (JMX) version: 2.2. Testlog (JTL) version: 2.2
2026-09-30 22:31:38,892 INFO o.a.j.s.SaveService: Using SaveService properties version 5.0
2026-09-30 22:31:38,908 INFO o.a.j.s.SaveService: Using SaveService properties file encoding UTF-8
2026-09-30 22:31:38,908 INFO o.a.j.s.SaveService: Loading file: jmeter\ProjectQaops.jmx
2026-09-30 22:31:38,975 INFO o.a.j.p.h.s.HTTPSamplerBase: Parser for text/html is org.apache.jmeter.protocol.http.parser.LagartoBasedHtmlParser
2026-09-30 22:31:38,975 INFO o.a.j.p.h.s.HTTPSamplerBase: Parser for application/xhtml+xml is org.apache.jmeter.protocol.http.parser.LagartoBasedHtmlParser
2026-09-30 22:31:38,975 INFO o.a.j.p.h.s.HTTPSamplerBase: Parser for application/xml is org.apache.jmeter.protocol.http.parser.LagartoBasedHtmlParser
2026-09-30 22:31:38,975 INFO o.a.j.p.h.s.HTTPSamplerBase: Parser for text/xml is org.apache.jmeter.protocol.http.parser.LagartoBasedHtmlParser
2026-09-30 22:31:38,975 INFO o.a.j.p.h.s.HTTPSamplerBase: Parser for text/vnd.wap.wml is org.apache.jmeter.protocol.http.parser.RegexpHTMLParser
2026-09-30 22:31:38,975 INFO o.a.j.p.h.s.HTTPSamplerBase: Parser for text/css is org.apache.jmeter.protocol.http.parser.CssParser
2026-09-30 22:31:39,008 INFO o.a.j.JMeter: Creating summariser <summary>
2026-09-30 22:31:39,032 INFO o.a.j.e.StandardJMeterEngine: Running the test!
2026-09-30 22:31:39,032 INFO o.a.j.s.SampleEvent: List of sample_variables: []
2026-09-30 22:31:39,032 INFO o.a.j.s.SampleEvent: List of sample_variables: []
2026-09-30 22:31:39,048 INFO o.a.j.e.u.CompoundVariable: Note: Function class names must contain the string: '.functions.'
2026-09-30 22:31:39,048 INFO o.a.j.e.u.CompoundVariable: Note: Function class names must not contain the string: '.gui.'
2026-09-30 22:31:39,140 INFO o.a.j.JMeter: Running test (1790803899140)
2026-09-30 22:31:39,158 INFO o.a.j.e.StandardJMeterEngine: Starting ThreadGroup: 1 : Thread Group
2026-09-30 22:31:39,158 INFO o.a.j.e.StandardJMeterEngine: Starting 50 threads for group Thread Group.
2026-09-30 22:31:39,158 INFO o.a.j.e.StandardJMeterEngine: Thread will continue on error
2026-09-30 22:31:39,158 INFO o.a.j.t.ThreadGroup: Starting thread group... number=1 threads=50 ramp-up=10 delayedStart=false
2026-09-30 22:31:39,166 INFO o.a.j.t.JMeterThread: Thread started: Thread Group 1-1
2026-09-30 22:31:39,199 INFO o.a.j.p.h.s.HTTPHCAbstractImpl: Local host = T14-AB-49OO
2026-09-30 22:31:39,203 INFO o.a.j.t.ThreadGroup: Started thread group number 1
2026-09-30 22:31:39,203 INFO o.a.j.e.StandardJMeterEngine: All thread groups have been started
2026-09-30 22:31:39,208 INFO o.a.j.p.h.s.HTTPHC4Impl: HTTP request retry count = 0
2026-09-30 22:31:39,210 INFO o.a.j.s.SampleResult: Note: Sample TimeStamps are START times
2026-09-30 22:31:39,210 INFO o.a.j.s.SampleResult: sampleresult.default.encoding is set to UTF-8
2026-09-30 22:31:39,210 INFO o.a.j.s.SampleResult: sampleresult.useNanoTime=true
2026-09-30 22:31:39,210 INFO o.a.j.s.SampleResult: sampleresult.nanoThreadSleep=5000
2026-09-30 22:31:39,326 INFO o.a.j.p.h.s.h.LazyLayeredConnectionSocketFactory: Setting up HTTPS TrustAll Socket Factory
2026-09-30 22:31:39,334 INFO o.a.j.u.JsseSSLManager: Using default SSL protocol: TLS
2026-09-30 22:31:39,334 INFO o.a.j.u.JsseSSLManager: SSL session context: per-thread
2026-09-30 22:31:39,367 INFO o.a.j.t.JMeterThread: Thread started: Thread Group 1-2
2026-09-30 22:31:39,445 INFO o.a.j.u.SSLManager: JmeterKeyStore Location:  type JKS
2026-09-30 22:31:39,449 INFO o.a.j.u.SSLManager: KeyStore created OK
2026-09-30 22:31:39,449 WARN o.a.j.u.SSLManager: Keystore file not found, loading empty keystore
2026-09-30 22:31:39,566 INFO o.a.j.t.JMeterThread: Thread started: Thread Group 1-3
2026-09-30 22:31:39,761 INFO o.a.j.t.JMeterThread: Thread started: Thread Group 1-4
2026-09-30 22:31:39,961 INFO o.a.j.t.JMeterThread: Thread started: Thread Group 1-5
2026-09-30 22:31:40,159 INFO o.a.j.t.JMeterThread: Thread is done: Thread Group 1-2
2026-09-30 22:31:40,159 INFO o.a.j.t.JMeterThread: Thread is done: Thread Group 1-1
2026-09-30 22:31:40,160 INFO o.a.j.t.JMeterThread: Thread finished: Thread Group 1-1
2026-09-30 22:31:40,159 INFO o.a.j.t.JMeterThread: Thread started: Thread Group 1-6
2026-09-30 22:31:40,160 INFO o.a.j.t.JMeterThread: Thread finished: Thread Group 1-2
2026-09-30 22:31:40,205 INFO o.a.j.t.JMeterThread: Thread is done: Thread Group 1-3
2026-09-30 22:31:40,205 INFO o.a.j.t.JMeterThread: Thread is done: Thread Group 1-4
2026-09-30 22:31:40,206 INFO o.a.j.t.JMeterThread: Thread finished: Thread Group 1-3
2026-09-30 22:31:40,206 INFO o.a.j.t.JMeterThread: Thread finished: Thread Group 1-4
2026-09-30 22:31:40,268 INFO o.a.j.t.JMeterThread: Thread is done: Thread Group 1-5
2026-09-30 22:31:40,268 INFO o.a.j.t.JMeterThread: Thread finished: Thread Group 1-5
2026-09-30 22:31:40,360 INFO o.a.j.t.JMeterThread: Thread started: Thread Group 1-7
2026-09-30 22:31:40,503 INFO o.a.j.t.JMeterThread: Thread is done: Thread Group 1-6
2026-09-30 22:31:40,504 INFO o.a.j.t.JMeterThread: Thread finished: Thread Group 1-6
2026-09-30 22:31:40,560 INFO o.a.j.t.JMeterThread: Thread started: Thread Group 1-8
2026-09-30 22:31:40,665 INFO o.a.j.t.JMeterThread: Thread is done: Thread Group 1-7
2026-09-30 22:31:40,665 INFO o.a.j.t.JMeterThread: Thread finished: Thread Group 1-7
2026-09-30 22:31:40,759 INFO o.a.j.t.JMeterThread: Thread started: Thread Group 1-9
2026-09-30 22:31:40,836 INFO o.a.j.t.JMeterThread: Thread is done: Thread Group 1-8
2026-09-30 22:31:40,836 INFO o.a.j.t.JMeterThread: Thread finished: Thread Group 1-8
2026-09-30 22:31:40,959 INFO o.a.j.t.JMeterThread: Thread started: Thread Group 1-10
2026-09-30 22:31:41,053 INFO o.a.j.t.JMeterThread: Thread is done: Thread Group 1-9
2026-09-30 22:31:41,053 INFO o.a.j.t.JMeterThread: Thread finished: Thread Group 1-9
2026-09-30 22:31:41,159 INFO o.a.j.t.JMeterThread: Thread started: Thread Group 1-11
2026-09-30 22:31:41,318 INFO o.a.j.t.JMeterThread: Thread is done: Thread Group 1-10
2026-09-30 22:31:41,318 INFO o.a.j.t.JMeterThread: Thread finished: Thread Group 1-10
2026-09-30 22:31:41,359 INFO o.a.j.t.JMeterThread: Thread started: Thread Group 1-12
2026-09-30 22:31:41,424 INFO o.a.j.t.JMeterThread: Thread is done: Thread Group 1-11
2026-09-30 22:31:41,425 INFO o.a.j.t.JMeterThread: Thread finished: Thread Group 1-11
2026-09-30 22:31:41,560 INFO o.a.j.t.JMeterThread: Thread started: Thread Group 1-13
2026-09-30 22:31:41,621 INFO o.a.j.t.JMeterThread: Thread is done: Thread Group 1-12
2026-09-30 22:31:41,621 INFO o.a.j.t.JMeterThread: Thread finished: Thread Group 1-12
2026-09-30 22:31:41,765 INFO o.a.j.t.JMeterThread: Thread started: Thread Group 1-14
2026-09-30 22:31:41,829 INFO o.a.j.t.JMeterThread: Thread is done: Thread Group 1-13
2026-09-30 22:31:41,829 INFO o.a.j.t.JMeterThread: Thread finished: Thread Group 1-13
2026-09-30 22:31:41,959 INFO o.a.j.t.JMeterThread: Thread started: Thread Group 1-15
2026-09-30 22:31:42,030 INFO o.a.j.t.JMeterThread: Thread is done: Thread Group 1-14
2026-09-30 22:31:42,031 INFO o.a.j.t.JMeterThread: Thread finished: Thread Group 1-14
2026-09-30 22:31:42,159 INFO o.a.j.t.JMeterThread: Thread started: Thread Group 1-16
2026-09-30 22:31:42,213 INFO o.a.j.t.JMeterThread: Thread is done: Thread Group 1-15
2026-09-30 22:31:42,213 INFO o.a.j.t.JMeterThread: Thread finished: Thread Group 1-15
2026-09-30 22:31:42,360 INFO o.a.j.t.JMeterThread: Thread started: Thread Group 1-17
2026-09-30 22:31:42,427 INFO o.a.j.t.JMeterThread: Thread is done: Thread Group 1-16
2026-09-30 22:31:42,427 INFO o.a.j.t.JMeterThread: Thread finished: Thread Group 1-16
2026-09-30 22:31:42,560 INFO o.a.j.t.JMeterThread: Thread started: Thread Group 1-18
2026-09-30 22:31:42,620 INFO o.a.j.t.JMeterThread: Thread is done: Thread Group 1-17
2026-09-30 22:31:42,620 INFO o.a.j.t.JMeterThread: Thread finished: Thread Group 1-17
2026-09-30 22:31:42,759 INFO o.a.j.t.JMeterThread: Thread started: Thread Group 1-19
2026-09-30 22:31:42,821 INFO o.a.j.t.JMeterThread: Thread is done: Thread Group 1-18
2026-09-30 22:31:42,822 INFO o.a.j.t.JMeterThread: Thread finished: Thread Group 1-18
2026-09-30 22:31:42,961 INFO o.a.j.t.JMeterThread: Thread started: Thread Group 1-20
2026-09-30 22:31:43,023 INFO o.a.j.t.JMeterThread: Thread is done: Thread Group 1-19
2026-09-30 22:31:43,023 INFO o.a.j.t.JMeterThread: Thread finished: Thread Group 1-19
2026-09-30 22:31:43,159 INFO o.a.j.t.JMeterThread: Thread started: Thread Group 1-21
2026-09-30 22:31:43,236 INFO o.a.j.t.JMeterThread: Thread is done: Thread Group 1-20
2026-09-30 22:31:43,238 INFO o.a.j.t.JMeterThread: Thread finished: Thread Group 1-20
2026-09-30 22:31:43,360 INFO o.a.j.t.JMeterThread: Thread started: Thread Group 1-22
2026-09-30 22:31:43,426 INFO o.a.j.t.JMeterThread: Thread is done: Thread Group 1-21
2026-09-30 22:31:43,426 INFO o.a.j.t.JMeterThread: Thread finished: Thread Group 1-21
2026-09-30 22:31:43,561 INFO o.a.j.t.JMeterThread: Thread started: Thread Group 1-23
2026-09-30 22:31:43,632 INFO o.a.j.t.JMeterThread: Thread is done: Thread Group 1-22
2026-09-30 22:31:43,632 INFO o.a.j.t.JMeterThread: Thread finished: Thread Group 1-22
2026-09-30 22:31:43,760 INFO o.a.j.t.JMeterThread: Thread started: Thread Group 1-24
2026-09-30 22:31:43,833 INFO o.a.j.t.JMeterThread: Thread is done: Thread Group 1-23
2026-09-30 22:31:43,834 INFO o.a.j.t.JMeterThread: Thread finished: Thread Group 1-23
2026-09-30 22:31:43,960 INFO o.a.j.t.JMeterThread: Thread started: Thread Group 1-25
2026-09-30 22:31:44,033 INFO o.a.j.t.JMeterThread: Thread is done: Thread Group 1-24
2026-09-30 22:31:44,034 INFO o.a.j.t.JMeterThread: Thread finished: Thread Group 1-24
2026-09-30 22:31:44,161 INFO o.a.j.t.JMeterThread: Thread started: Thread Group 1-26
2026-09-30 22:31:44,229 INFO o.a.j.t.JMeterThread: Thread is done: Thread Group 1-25
2026-09-30 22:31:44,229 INFO o.a.j.t.JMeterThread: Thread finished: Thread Group 1-25
2026-09-30 22:31:44,361 INFO o.a.j.t.JMeterThread: Thread started: Thread Group 1-27
2026-09-30 22:31:44,416 INFO o.a.j.t.JMeterThread: Thread is done: Thread Group 1-26
2026-09-30 22:31:44,416 INFO o.a.j.t.JMeterThread: Thread finished: Thread Group 1-26
2026-09-30 22:31:44,559 INFO o.a.j.t.JMeterThread: Thread started: Thread Group 1-28
2026-09-30 22:31:44,684 INFO o.a.j.t.JMeterThread: Thread is done: Thread Group 1-27
2026-09-30 22:31:44,685 INFO o.a.j.t.JMeterThread: Thread finished: Thread Group 1-27
2026-09-30 22:31:44,759 INFO o.a.j.t.JMeterThread: Thread started: Thread Group 1-29
2026-09-30 22:31:44,807 INFO o.a.j.t.JMeterThread: Thread is done: Thread Group 1-28
2026-09-30 22:31:44,807 INFO o.a.j.t.JMeterThread: Thread finished: Thread Group 1-28
2026-09-30 22:31:44,961 INFO o.a.j.t.JMeterThread: Thread started: Thread Group 1-30
2026-09-30 22:31:45,017 INFO o.a.j.t.JMeterThread: Thread is done: Thread Group 1-29
2026-09-30 22:31:45,017 INFO o.a.j.t.JMeterThread: Thread finished: Thread Group 1-29
2026-09-30 22:31:45,159 INFO o.a.j.t.JMeterThread: Thread started: Thread Group 1-31
2026-09-30 22:31:45,210 INFO o.a.j.t.JMeterThread: Thread is done: Thread Group 1-30
2026-09-30 22:31:45,210 INFO o.a.j.t.JMeterThread: Thread finished: Thread Group 1-30
2026-09-30 22:31:45,361 INFO o.a.j.t.JMeterThread: Thread started: Thread Group 1-32
2026-09-30 22:31:45,413 INFO o.a.j.t.JMeterThread: Thread is done: Thread Group 1-31
2026-09-30 22:31:45,413 INFO o.a.j.t.JMeterThread: Thread finished: Thread Group 1-31
2026-09-30 22:31:45,563 INFO o.a.j.t.JMeterThread: Thread started: Thread Group 1-33
2026-09-30 22:31:45,635 INFO o.a.j.t.JMeterThread: Thread is done: Thread Group 1-32
2026-09-30 22:31:45,635 INFO o.a.j.t.JMeterThread: Thread finished: Thread Group 1-32
2026-09-30 22:31:45,761 INFO o.a.j.t.JMeterThread: Thread started: Thread Group 1-34
2026-09-30 22:31:45,821 INFO o.a.j.t.JMeterThread: Thread is done: Thread Group 1-33
2026-09-30 22:31:45,822 INFO o.a.j.t.JMeterThread: Thread finished: Thread Group 1-33
2026-09-30 22:31:45,961 INFO o.a.j.t.JMeterThread: Thread started: Thread Group 1-35
2026-09-30 22:31:46,022 INFO o.a.j.t.JMeterThread: Thread is done: Thread Group 1-34
2026-09-30 22:31:46,022 INFO o.a.j.t.JMeterThread: Thread finished: Thread Group 1-34
2026-09-30 22:31:46,161 INFO o.a.j.t.JMeterThread: Thread started: Thread Group 1-36
2026-09-30 22:31:46,214 INFO o.a.j.t.JMeterThread: Thread is done: Thread Group 1-35
2026-09-30 22:31:46,214 INFO o.a.j.t.JMeterThread: Thread finished: Thread Group 1-35
2026-09-30 22:31:46,360 INFO o.a.j.t.JMeterThread: Thread started: Thread Group 1-37
2026-09-30 22:31:46,477 INFO o.a.j.t.JMeterThread: Thread is done: Thread Group 1-36
2026-09-30 22:31:46,477 INFO o.a.j.t.JMeterThread: Thread finished: Thread Group 1-36
2026-09-30 22:31:46,560 INFO o.a.j.t.JMeterThread: Thread started: Thread Group 1-38
2026-09-30 22:31:46,616 INFO o.a.j.t.JMeterThread: Thread is done: Thread Group 1-37
2026-09-30 22:31:46,616 INFO o.a.j.t.JMeterThread: Thread finished: Thread Group 1-37
2026-09-30 22:31:46,767 INFO o.a.j.t.JMeterThread: Thread started: Thread Group 1-39
2026-09-30 22:31:46,803 INFO o.a.j.t.JMeterThread: Thread is done: Thread Group 1-38
2026-09-30 22:31:46,803 INFO o.a.j.t.JMeterThread: Thread finished: Thread Group 1-38
2026-09-30 22:31:46,969 INFO o.a.j.t.JMeterThread: Thread started: Thread Group 1-40
2026-09-30 22:31:47,021 INFO o.a.j.t.JMeterThread: Thread is done: Thread Group 1-39
2026-09-30 22:31:47,021 INFO o.a.j.t.JMeterThread: Thread finished: Thread Group 1-39
2026-09-30 22:31:47,161 INFO o.a.j.t.JMeterThread: Thread started: Thread Group 1-41
2026-09-30 22:31:47,227 INFO o.a.j.t.JMeterThread: Thread is done: Thread Group 1-40
2026-09-30 22:31:47,227 INFO o.a.j.t.JMeterThread: Thread finished: Thread Group 1-40
2026-09-30 22:31:47,368 INFO o.a.j.t.JMeterThread: Thread started: Thread Group 1-42
2026-09-30 22:31:47,411 INFO o.a.j.t.JMeterThread: Thread is done: Thread Group 1-41
2026-09-30 22:31:47,411 INFO o.a.j.t.JMeterThread: Thread finished: Thread Group 1-41
2026-09-30 22:31:47,567 INFO o.a.j.t.JMeterThread: Thread started: Thread Group 1-43
2026-09-30 22:31:47,619 INFO o.a.j.t.JMeterThread: Thread is done: Thread Group 1-42
2026-09-30 22:31:47,619 INFO o.a.j.t.JMeterThread: Thread finished: Thread Group 1-42
2026-09-30 22:31:47,774 INFO o.a.j.t.JMeterThread: Thread started: Thread Group 1-44
2026-09-30 22:31:47,806 INFO o.a.j.t.JMeterThread: Thread is done: Thread Group 1-43
2026-09-30 22:31:47,806 INFO o.a.j.t.JMeterThread: Thread finished: Thread Group 1-43
2026-09-30 22:31:47,962 INFO o.a.j.t.JMeterThread: Thread started: Thread Group 1-45
2026-09-30 22:31:48,026 INFO o.a.j.t.JMeterThread: Thread is done: Thread Group 1-44
2026-09-30 22:31:48,026 INFO o.a.j.t.JMeterThread: Thread finished: Thread Group 1-44
2026-09-30 22:31:48,174 INFO o.a.j.t.JMeterThread: Thread started: Thread Group 1-46
2026-09-30 22:31:48,223 INFO o.a.j.t.JMeterThread: Thread is done: Thread Group 1-45
2026-09-30 22:31:48,224 INFO o.a.j.t.JMeterThread: Thread finished: Thread Group 1-45
2026-09-30 22:31:48,361 INFO o.a.j.t.JMeterThread: Thread started: Thread Group 1-47
2026-09-30 22:31:48,442 INFO o.a.j.t.JMeterThread: Thread is done: Thread Group 1-46
2026-09-30 22:31:48,442 INFO o.a.j.t.JMeterThread: Thread finished: Thread Group 1-46
2026-09-30 22:31:48,564 INFO o.a.j.t.JMeterThread: Thread started: Thread Group 1-48
2026-09-30 22:31:48,623 INFO o.a.j.t.JMeterThread: Thread is done: Thread Group 1-47
2026-09-30 22:31:48,623 INFO o.a.j.t.JMeterThread: Thread finished: Thread Group 1-47
2026-09-30 22:31:48,764 INFO o.a.j.t.JMeterThread: Thread started: Thread Group 1-49
2026-09-30 22:31:48,810 INFO o.a.j.t.JMeterThread: Thread is done: Thread Group 1-48
2026-09-30 22:31:48,810 INFO o.a.j.t.JMeterThread: Thread finished: Thread Group 1-48
2026-09-30 22:31:48,973 INFO o.a.j.t.JMeterThread: Thread started: Thread Group 1-50
2026-09-30 22:31:49,025 INFO o.a.j.t.JMeterThread: Thread is done: Thread Group 1-49
2026-09-30 22:31:49,025 INFO o.a.j.t.JMeterThread: Thread finished: Thread Group 1-49
2026-09-30 22:31:49,209 INFO o.a.j.t.JMeterThread: Thread is done: Thread Group 1-50
2026-09-30 22:31:49,209 INFO o.a.j.t.JMeterThread: Thread finished: Thread Group 1-50
2026-09-30 22:31:49,209 INFO o.a.j.e.StandardJMeterEngine: Notifying test listeners of end of test
2026-09-30 22:31:49,209 INFO o.a.j.r.Summariser: summary =    100 in 00:00:10 =    9.9/s Avg:   150 Min:    78 Max:   606 Err:    50 (50.00%)
